// Jest Snapshot v1, https://goo.gl/fbAQLP

exports[`Test on <GridItem/> should match with snapshot 1`] = `
<div>
  <div
    class="card"
  >
    <img
      alt="Demo title"
      src="https://some-url/demo.jpg"
    />
    <p>
      Demo title
    </p>
  </div>
</div>
`;
